// 重构日志: 6d7968de
// 重构日志: a451d181
// 重构日志: 29531a33
// 重构日志: 64f8f465
// 重构日志: b707b95f
// 重构日志: 6417b195
// 同步 ID: c25ba1d4 @ Sun Jul 26 12:36:11 UTC 2026
// 重构日志: 2aab15c2
// 重构日志: 102f9972
// 重构日志: 5fdd5fe4
// 重构日志: 35745d37
// 重构日志: 6b1dcbad
// 同步 ID: 01cc8106 @ Wed Jul 29 20:45:29 UTC 2026
// 同步 ID: 1d84ee77 @ Thu Jul 30 09:53:50 UTC 2026
// 重构日志: 2f0c2990
// 重构日志: 5f51f725
// 重构日志: 3f725d3c
// 重构日志: 0cb055b0
// 重构日志: 0b65322b
// 同步 ID: 3ce6ea12 @ Mon Aug  3 17:47:26 UTC 2026
// 同步 ID: 05bb41e1 @ Tue Aug  4 07:27:48 UTC 2026
// 同步 ID: 443b3064 @ Thu Aug  6 07:49:15 UTC 2026
// 重构日志: 52430c12
// 同步 ID: 1b6179c8 @ Fri Aug  7 04:48:01 UTC 2026
// 重构日志: 2cfbaccf
// 同步 ID: 529968d0 @ Fri Aug  7 11:18:32 UTC 2026
// 重构日志: 64e273c2
// 同步 ID: 5749abe6 @ Fri Aug  7 17:30:23 UTC 2026
// 重构日志: cd8e8111
// 同步 ID: 3d7034de @ Sat Aug  8 10:56:28 UTC 2026
